------------------------------------------------------------
Timing Analyzer Summary
------------------------------------------------------------

Type  : Slow 1200mV 85C Model Setup 'parsed_clock:inst5|delay:inst6|inst12'
Slack : -8.514
TNS   : -204.547

Type  : Slow 1200mV 85C Model Setup 'parsed_clock:inst5|delay:inst6|inst3'
Slack : -8.483
TNS   : -203.583

Type  : Slow 1200mV 85C Model Setup 'parsed_clock:inst5|delay:inst6|inst7'
Slack : -8.429
TNS   : -201.804

Type  : Slow 1200mV 85C Model Setup 'switch0'
Slack : -6.945
TNS   : -156.013

Type  : Slow 1200mV 85C Model Setup 'clock_50Mhz'
Slack : -2.378
TNS   : -49.836

Type  : Slow 1200mV 85C Model Setup 'parsed_clock:inst5|delay:inst6|inst10'
Slack : -1.749
TNS   : -1.749

Type  : Slow 1200mV 85C Model Setup 'parsed_clock:inst5|delay:inst6|inst8'
Slack : -1.419
TNS   : -1.419

Type  : Slow 1200mV 85C Model Setup 'parsed_clock:inst5|delay:inst6|inst9'
Slack : -1.392
TNS   : -1.392

Type  : Slow 1200mV 85C Model Setup 'parsed_clock:inst5|delay:inst6|inst11'
Slack : -1.306
TNS   : -1.306

Type  : Slow 1200mV 85C Model Setup 'parsed_clock:inst5|delay:inst6|inst5'
Slack : -0.879
TNS   : -0.879

Type  : Slow 1200mV 85C Model Setup 'parsed_clock:inst5|delay:inst6|inst6'
Slack : -0.845
TNS   : -0.845

Type  : Slow 1200mV 85C Model Setup 'nes_decoder:wow|prev_input[0]'
Slack : -0.215
TNS   : -0.215

Type  : Slow 1200mV 85C Model Hold 'switch0'
Slack : -1.451
TNS   : -1.451

Type  : Slow 1200mV 85C Model Hold 'parsed_clock:inst5|delay:inst6|inst7'
Slack : 0.080
TNS   : 0.000

Type  : Slow 1200mV 85C Model Hold 'parsed_clock:inst5|delay:inst6|inst3'
Slack : 0.101
TNS   : 0.000

Type  : Slow 1200mV 85C Model Hold 'parsed_clock:inst5|delay:inst6|inst12'
Slack : 0.201
TNS   : 0.000

Type  : Slow 1200mV 85C Model Hold 'clock_50Mhz'
Slack : 0.324
TNS   : 0.000

Type  : Slow 1200mV 85C Model Hold 'parsed_clock:inst5|delay:inst6|inst9'
Slack : 0.433
TNS   : 0.000

Type  : Slow 1200mV 85C Model Hold 'parsed_clock:inst5|delay:inst6|inst5'
Slack : 0.482
TNS   : 0.000

Type  : Slow 1200mV 85C Model Hold 'parsed_clock:inst5|delay:inst6|inst10'
Slack : 0.554
TNS   : 0.000

Type  : Slow 1200mV 85C Model Hold 'parsed_clock:inst5|delay:inst6|inst8'
Slack : 0.648
TNS   : 0.000

Type  : Slow 1200mV 85C Model Hold 'nes_decoder:wow|prev_input[0]'
Slack : 0.778
TNS   : 0.000

Type  : Slow 1200mV 85C Model Hold 'parsed_clock:inst5|delay:inst6|inst11'
Slack : 0.839
TNS   : 0.000

Type  : Slow 1200mV 85C Model Hold 'parsed_clock:inst5|delay:inst6|inst6'
Slack : 0.855
TNS   : 0.000

Type  : Slow 1200mV 85C Model Recovery 'parsed_clock:inst5|delay:inst6|inst12'
Slack : -40.315
TNS   : -1212.281

Type  : Slow 1200mV 85C Model Recovery 'parsed_clock:inst5|delay:inst6|inst3'
Slack : -40.284
TNS   : -1212.064

Type  : Slow 1200mV 85C Model Recovery 'parsed_clock:inst5|delay:inst6|inst7'
Slack : -40.230
TNS   : -1210.254

Type  : Slow 1200mV 85C Model Recovery 'switch0'
Slack : -38.746
TNS   : -1161.700

Type  : Slow 1200mV 85C Model Recovery 'parsed_clock:inst5|delay:inst6|inst8'
Slack : -4.055
TNS   : -4.055

Type  : Slow 1200mV 85C Model Recovery 'parsed_clock:inst5|delay:inst6|inst9'
Slack : -4.034
TNS   : -4.034

Type  : Slow 1200mV 85C Model Recovery 'parsed_clock:inst5|delay:inst6|inst6'
Slack : -3.904
TNS   : -3.904

Type  : Slow 1200mV 85C Model Recovery 'parsed_clock:inst5|delay:inst6|inst11'
Slack : -3.899
TNS   : -3.899

Type  : Slow 1200mV 85C Model Recovery 'parsed_clock:inst5|delay:inst6|inst5'
Slack : -3.452
TNS   : -3.452

Type  : Slow 1200mV 85C Model Recovery 'parsed_clock:inst5|delay:inst6|inst10'
Slack : -3.425
TNS   : -3.425

Type  : Slow 1200mV 85C Model Recovery 'nes_decoder:wow|prev_input[0]'
Slack : -3.422
TNS   : -3.422

Type  : Slow 1200mV 85C Model Recovery 'clock_50Mhz'
Slack : -1.868
TNS   : -24.003

Type  : Slow 1200mV 85C Model Removal 'clock_50Mhz'
Slack : 1.389
TNS   : 0.000

Type  : Slow 1200mV 85C Model Removal 'switch0'
Slack : 1.475
TNS   : 0.000

Type  : Slow 1200mV 85C Model Removal 'parsed_clock:inst5|delay:inst6|inst7'
Slack : 3.006
TNS   : 0.000

Type  : Slow 1200mV 85C Model Removal 'parsed_clock:inst5|delay:inst6|inst3'
Slack : 3.027
TNS   : 0.000

Type  : Slow 1200mV 85C Model Removal 'parsed_clock:inst5|delay:inst6|inst12'
Slack : 3.096
TNS   : 0.000

Type  : Slow 1200mV 85C Model Removal 'parsed_clock:inst5|delay:inst6|inst10'
Slack : 3.922
TNS   : 0.000

Type  : Slow 1200mV 85C Model Removal 'nes_decoder:wow|prev_input[0]'
Slack : 3.932
TNS   : 0.000

Type  : Slow 1200mV 85C Model Removal 'parsed_clock:inst5|delay:inst6|inst5'
Slack : 3.937
TNS   : 0.000

Type  : Slow 1200mV 85C Model Removal 'parsed_clock:inst5|delay:inst6|inst6'
Slack : 4.365
TNS   : 0.000

Type  : Slow 1200mV 85C Model Removal 'parsed_clock:inst5|delay:inst6|inst11'
Slack : 4.398
TNS   : 0.000

Type  : Slow 1200mV 85C Model Removal 'parsed_clock:inst5|delay:inst6|inst9'
Slack : 4.531
TNS   : 0.000

Type  : Slow 1200mV 85C Model Removal 'parsed_clock:inst5|delay:inst6|inst8'
Slack : 4.553
TNS   : 0.000

Type  : Slow 1200mV 85C Model Minimum Pulse Width 'switch0'
Slack : -3.000
TNS   : -47.145

Type  : Slow 1200mV 85C Model Minimum Pulse Width 'clock_50Mhz'
Slack : -3.000
TNS   : -35.269

Type  : Slow 1200mV 85C Model Minimum Pulse Width 'parsed_clock:inst5|delay:inst6|inst12'
Slack : -1.403
TNS   : -43.493

Type  : Slow 1200mV 85C Model Minimum Pulse Width 'parsed_clock:inst5|delay:inst6|inst3'
Slack : -1.403
TNS   : -43.493

Type  : Slow 1200mV 85C Model Minimum Pulse Width 'parsed_clock:inst5|delay:inst6|inst7'
Slack : -1.403
TNS   : -43.493

Type  : Slow 1200mV 85C Model Minimum Pulse Width 'nes_decoder:wow|prev_input[0]'
Slack : -1.403
TNS   : -1.403

Type  : Slow 1200mV 85C Model Minimum Pulse Width 'parsed_clock:inst5|delay:inst6|inst10'
Slack : -1.403
TNS   : -1.403

Type  : Slow 1200mV 85C Model Minimum Pulse Width 'parsed_clock:inst5|delay:inst6|inst11'
Slack : -1.403
TNS   : -1.403

Type  : Slow 1200mV 85C Model Minimum Pulse Width 'parsed_clock:inst5|delay:inst6|inst5'
Slack : -1.403
TNS   : -1.403

Type  : Slow 1200mV 85C Model Minimum Pulse Width 'parsed_clock:inst5|delay:inst6|inst6'
Slack : -1.403
TNS   : -1.403

Type  : Slow 1200mV 85C Model Minimum Pulse Width 'parsed_clock:inst5|delay:inst6|inst8'
Slack : -1.403
TNS   : -1.403

Type  : Slow 1200mV 85C Model Minimum Pulse Width 'parsed_clock:inst5|delay:inst6|inst9'
Slack : -1.403
TNS   : -1.403

Type  : Slow 1200mV 0C Model Setup 'parsed_clock:inst5|delay:inst6|inst12'
Slack : -7.710
TNS   : -187.084

Type  : Slow 1200mV 0C Model Setup 'parsed_clock:inst5|delay:inst6|inst3'
Slack : -7.678
TNS   : -186.077

Type  : Slow 1200mV 0C Model Setup 'parsed_clock:inst5|delay:inst6|inst7'
Slack : -7.624
TNS   : -184.319

Type  : Slow 1200mV 0C Model Setup 'switch0'
Slack : -6.220
TNS   : -140.963

Type  : Slow 1200mV 0C Model Setup 'clock_50Mhz'
Slack : -2.114
TNS   : -43.960

Type  : Slow 1200mV 0C Model Setup 'parsed_clock:inst5|delay:inst6|inst10'
Slack : -1.677
TNS   : -1.677

Type  : Slow 1200mV 0C Model Setup 'parsed_clock:inst5|delay:inst6|inst8'
Slack : -1.373
TNS   : -1.373

Type  : Slow 1200mV 0C Model Setup 'parsed_clock:inst5|delay:inst6|inst9'
Slack : -1.350
TNS   : -1.350

Type  : Slow 1200mV 0C Model Setup 'parsed_clock:inst5|delay:inst6|inst11'
Slack : -1.269
TNS   : -1.269

Type  : Slow 1200mV 0C Model Setup 'parsed_clock:inst5|delay:inst6|inst5'
Slack : -0.895
TNS   : -0.895

Type  : Slow 1200mV 0C Model Setup 'parsed_clock:inst5|delay:inst6|inst6'
Slack : -0.760
TNS   : -0.760

Type  : Slow 1200mV 0C Model Setup 'nes_decoder:wow|prev_input[0]'
Slack : -0.115
TNS   : -0.115

Type  : Slow 1200mV 0C Model Hold 'switch0'
Slack : -1.392
TNS   : -1.392

Type  : Slow 1200mV 0C Model Hold 'parsed_clock:inst5|delay:inst6|inst7'
Slack : 0.057
TNS   : 0.000

Type  : Slow 1200mV 0C Model Hold 'parsed_clock:inst5|delay:inst6|inst3'
Slack : 0.085
TNS   : 0.000

Type  : Slow 1200mV 0C Model Hold 'parsed_clock:inst5|delay:inst6|inst12'
Slack : 0.180
TNS   : 0.000

Type  : Slow 1200mV 0C Model Hold 'clock_50Mhz'
Slack : 0.290
TNS   : 0.000

Type  : Slow 1200mV 0C Model Hold 'parsed_clock:inst5|delay:inst6|inst9'
Slack : 0.433
TNS   : 0.000

Type  : Slow 1200mV 0C Model Hold 'parsed_clock:inst5|delay:inst6|inst5'
Slack : 0.485
TNS   : 0.000

Type  : Slow 1200mV 0C Model Hold 'parsed_clock:inst5|delay:inst6|inst10'
Slack : 0.539
TNS   : 0.000

Type  : Slow 1200mV 0C Model Hold 'parsed_clock:inst5|delay:inst6|inst8'
Slack : 0.624
TNS   : 0.000

Type  : Slow 1200mV 0C Model Hold 'nes_decoder:wow|prev_input[0]'
Slack : 0.710
TNS   : 0.000

Type  : Slow 1200mV 0C Model Hold 'parsed_clock:inst5|delay:inst6|inst11'
Slack : 0.804
TNS   : 0.000

Type  : Slow 1200mV 0C Model Hold 'parsed_clock:inst5|delay:inst6|inst6'
Slack : 0.841
TNS   : 0.000

Type  : Slow 1200mV 0C Model Recovery 'parsed_clock:inst5|delay:inst6|inst12'
Slack : -36.627
TNS   : -1101.386

Type  : Slow 1200mV 0C Model Recovery 'parsed_clock:inst5|delay:inst6|inst3'
Slack : -36.595
TNS   : -1101.081

Type  : Slow 1200mV 0C Model Recovery 'parsed_clock:inst5|delay:inst6|inst7'
Slack : -36.541
TNS   : -1099.296

Type  : Slow 1200mV 0C Model Recovery 'switch0'
Slack : -35.137
TNS   : -1053.512

Type  : Slow 1200mV 0C Model Recovery 'parsed_clock:inst5|delay:inst6|inst8'
Slack : -3.677
TNS   : -3.677

Type  : Slow 1200mV 0C Model Recovery 'parsed_clock:inst5|delay:inst6|inst9'
Slack : -3.660
TNS   : -3.660

Type  : Slow 1200mV 0C Model Recovery 'parsed_clock:inst5|delay:inst6|inst6'
Slack : -3.585
TNS   : -3.585

Type  : Slow 1200mV 0C Model Recovery 'parsed_clock:inst5|delay:inst6|inst11'
Slack : -3.538
TNS   : -3.538

Type  : Slow 1200mV 0C Model Recovery 'parsed_clock:inst5|delay:inst6|inst5'
Slack : -3.148
TNS   : -3.148

Type  : Slow 1200mV 0C Model Recovery 'parsed_clock:inst5|delay:inst6|inst10'
Slack : -3.088
TNS   : -3.088

Type  : Slow 1200mV 0C Model Recovery 'nes_decoder:wow|prev_input[0]'
Slack : -3.024
TNS   : -3.024

Type  : Slow 1200mV 0C Model Recovery 'clock_50Mhz'
Slack : -1.620
TNS   : -20.774

Type  : Slow 1200mV 0C Model Removal 'clock_50Mhz'
Slack : 1.264
TNS   : 0.000

Type  : Slow 1200mV 0C Model Removal 'switch0'
Slack : 1.271
TNS   : 0.000

Type  : Slow 1200mV 0C Model Removal 'parsed_clock:inst5|delay:inst6|inst7'
Slack : 2.720
TNS   : 0.000

Type  : Slow 1200mV 0C Model Removal 'parsed_clock:inst5|delay:inst6|inst3'
Slack : 2.748
TNS   : 0.000

Type  : Slow 1200mV 0C Model Removal 'parsed_clock:inst5|delay:inst6|inst12'
Slack : 2.811
TNS   : 0.000

Type  : Slow 1200mV 0C Model Removal 'nes_decoder:wow|prev_input[0]'
Slack : 3.536
TNS   : 0.000

Type  : Slow 1200mV 0C Model Removal 'parsed_clock:inst5|delay:inst6|inst10'
Slack : 3.637
TNS   : 0.000

Type  : Slow 1200mV 0C Model Removal 'parsed_clock:inst5|delay:inst6|inst5'
Slack : 3.642
TNS   : 0.000

Type  : Slow 1200mV 0C Model Removal 'parsed_clock:inst5|delay:inst6|inst6'
Slack : 4.017
TNS   : 0.000

Type  : Slow 1200mV 0C Model Removal 'parsed_clock:inst5|delay:inst6|inst11'
Slack : 4.052
TNS   : 0.000

Type  : Slow 1200mV 0C Model Removal 'parsed_clock:inst5|delay:inst6|inst9'
Slack : 4.183
TNS   : 0.000

Type  : Slow 1200mV 0C Model Removal 'parsed_clock:inst5|delay:inst6|inst8'
Slack : 4.201
TNS   : 0.000

Type  : Slow 1200mV 0C Model Minimum Pulse Width 'switch0'
Slack : -3.000
TNS   : -46.501

Type  : Slow 1200mV 0C Model Minimum Pulse Width 'clock_50Mhz'
Slack : -3.000
TNS   : -35.269

Type  : Slow 1200mV 0C Model Minimum Pulse Width 'parsed_clock:inst5|delay:inst6|inst12'
Slack : -1.403
TNS   : -43.493

Type  : Slow 1200mV 0C Model Minimum Pulse Width 'parsed_clock:inst5|delay:inst6|inst3'
Slack : -1.403
TNS   : -43.493

Type  : Slow 1200mV 0C Model Minimum Pulse Width 'parsed_clock:inst5|delay:inst6|inst7'
Slack : -1.403
TNS   : -43.493

Type  : Slow 1200mV 0C Model Minimum Pulse Width 'nes_decoder:wow|prev_input[0]'
Slack : -1.403
TNS   : -1.403

Type  : Slow 1200mV 0C Model Minimum Pulse Width 'parsed_clock:inst5|delay:inst6|inst10'
Slack : -1.403
TNS   : -1.403

Type  : Slow 1200mV 0C Model Minimum Pulse Width 'parsed_clock:inst5|delay:inst6|inst11'
Slack : -1.403
TNS   : -1.403

Type  : Slow 1200mV 0C Model Minimum Pulse Width 'parsed_clock:inst5|delay:inst6|inst5'
Slack : -1.403
TNS   : -1.403

Type  : Slow 1200mV 0C Model Minimum Pulse Width 'parsed_clock:inst5|delay:inst6|inst6'
Slack : -1.403
TNS   : -1.403

Type  : Slow 1200mV 0C Model Minimum Pulse Width 'parsed_clock:inst5|delay:inst6|inst8'
Slack : -1.403
TNS   : -1.403

Type  : Slow 1200mV 0C Model Minimum Pulse Width 'parsed_clock:inst5|delay:inst6|inst9'
Slack : -1.403
TNS   : -1.403

Type  : Fast 1200mV 0C Model Setup 'parsed_clock:inst5|delay:inst6|inst12'
Slack : -3.458
TNS   : -82.094

Type  : Fast 1200mV 0C Model Setup 'parsed_clock:inst5|delay:inst6|inst3'
Slack : -3.434
TNS   : -81.383

Type  : Fast 1200mV 0C Model Setup 'parsed_clock:inst5|delay:inst6|inst7'
Slack : -3.433
TNS   : -81.269

Type  : Fast 1200mV 0C Model Setup 'switch0'
Slack : -2.556
TNS   : -54.850

Type  : Fast 1200mV 0C Model Setup 'clock_50Mhz'
Slack : -0.415
TNS   : -7.627

Type  : Fast 1200mV 0C Model Setup 'parsed_clock:inst5|delay:inst6|inst10'
Slack : -0.318
TNS   : -0.318

Type  : Fast 1200mV 0C Model Setup 'parsed_clock:inst5|delay:inst6|inst8'
Slack : -0.180
TNS   : -0.180

Type  : Fast 1200mV 0C Model Setup 'parsed_clock:inst5|delay:inst6|inst9'
Slack : -0.171
TNS   : -0.171

Type  : Fast 1200mV 0C Model Setup 'parsed_clock:inst5|delay:inst6|inst11'
Slack : -0.119
TNS   : -0.119

Type  : Fast 1200mV 0C Model Setup 'parsed_clock:inst5|delay:inst6|inst6'
Slack : 0.013
TNS   : 0.000

Type  : Fast 1200mV 0C Model Setup 'parsed_clock:inst5|delay:inst6|inst5'
Slack : 0.097
TNS   : 0.000

Type  : Fast 1200mV 0C Model Setup 'nes_decoder:wow|prev_input[0]'
Slack : 0.516
TNS   : 0.000

Type  : Fast 1200mV 0C Model Hold 'switch0'
Slack : -0.847
TNS   : -0.847

Type  : Fast 1200mV 0C Model Hold 'parsed_clock:inst5|delay:inst6|inst3'
Slack : 0.017
TNS   : 0.000

Type  : Fast 1200mV 0C Model Hold 'parsed_clock:inst5|delay:inst6|inst7'
Slack : 0.030
TNS   : 0.000

Type  : Fast 1200mV 0C Model Hold 'parsed_clock:inst5|delay:inst6|inst5'
Slack : 0.075
TNS   : 0.000

Type  : Fast 1200mV 0C Model Hold 'parsed_clock:inst5|delay:inst6|inst9'
Slack : 0.075
TNS   : 0.000

Type  : Fast 1200mV 0C Model Hold 'parsed_clock:inst5|delay:inst6|inst12'
Slack : 0.080
TNS   : 0.000

Type  : Fast 1200mV 0C Model Hold 'parsed_clock:inst5|delay:inst6|inst10'
Slack : 0.141
TNS   : 0.000

Type  : Fast 1200mV 0C Model Hold 'clock_50Mhz'
Slack : 0.142
TNS   : 0.000

Type  : Fast 1200mV 0C Model Hold 'parsed_clock:inst5|delay:inst6|inst8'
Slack : 0.194
TNS   : 0.000

Type  : Fast 1200mV 0C Model Hold 'parsed_clock:inst5|delay:inst6|inst11'
Slack : 0.237
TNS   : 0.000

Type  : Fast 1200mV 0C Model Hold 'parsed_clock:inst5|delay:inst6|inst6'
Slack : 0.280
TNS   : 0.000

Type  : Fast 1200mV 0C Model Hold 'nes_decoder:wow|prev_input[0]'
Slack : 0.316
TNS   : 0.000

Type  : Fast 1200mV 0C Model Recovery 'parsed_clock:inst5|delay:inst6|inst12'
Slack : -16.294
TNS   : -490.009

Type  : Fast 1200mV 0C Model Recovery 'parsed_clock:inst5|delay:inst6|inst3'
Slack : -16.270
TNS   : -489.664

Type  : Fast 1200mV 0C Model Recovery 'parsed_clock:inst5|delay:inst6|inst7'
Slack : -16.269
TNS   : -489.536

Type  : Fast 1200mV 0C Model Recovery 'switch0'
Slack : -15.392
TNS   : -461.522

Type  : Fast 1200mV 0C Model Recovery 'parsed_clock:inst5|delay:inst6|inst8'
Slack : -1.713
TNS   : -1.713

Type  : Fast 1200mV 0C Model Recovery 'parsed_clock:inst5|delay:inst6|inst9'
Slack : -1.707
TNS   : -1.707

Type  : Fast 1200mV 0C Model Recovery 'parsed_clock:inst5|delay:inst6|inst6'
Slack : -1.627
TNS   : -1.627

Type  : Fast 1200mV 0C Model Recovery 'parsed_clock:inst5|delay:inst6|inst11'
Slack : -1.626
TNS   : -1.626

Type  : Fast 1200mV 0C Model Recovery 'parsed_clock:inst5|delay:inst6|inst5'
Slack : -1.415
TNS   : -1.415

Type  : Fast 1200mV 0C Model Recovery 'parsed_clock:inst5|delay:inst6|inst10'
Slack : -1.387
TNS   : -1.387

Type  : Fast 1200mV 0C Model Recovery 'nes_decoder:wow|prev_input[0]'
Slack : -1.195
TNS   : -1.195

Type  : Fast 1200mV 0C Model Recovery 'clock_50Mhz'
Slack : -0.241
TNS   : -2.681

Type  : Fast 1200mV 0C Model Removal 'clock_50Mhz'
Slack : 0.601
TNS   : 0.000

Type  : Fast 1200mV 0C Model Removal 'switch0'
Slack : 0.710
TNS   : 0.000

Type  : Fast 1200mV 0C Model Removal 'parsed_clock:inst5|delay:inst6|inst3'
Slack : 1.574
TNS   : 0.000

Type  : Fast 1200mV 0C Model Removal 'parsed_clock:inst5|delay:inst6|inst7'
Slack : 1.587
TNS   : 0.000

Type  : Fast 1200mV 0C Model Removal 'parsed_clock:inst5|delay:inst6|inst12'
Slack : 1.613
TNS   : 0.000

Type  : Fast 1200mV 0C Model Removal 'nes_decoder:wow|prev_input[0]'
Slack : 1.893
TNS   : 0.000

Type  : Fast 1200mV 0C Model Removal 'parsed_clock:inst5|delay:inst6|inst5'
Slack : 2.096
TNS   : 0.000

Type  : Fast 1200mV 0C Model Removal 'parsed_clock:inst5|delay:inst6|inst10'
Slack : 2.114
TNS   : 0.000

Type  : Fast 1200mV 0C Model Removal 'parsed_clock:inst5|delay:inst6|inst6'
Slack : 2.262
TNS   : 0.000

Type  : Fast 1200mV 0C Model Removal 'parsed_clock:inst5|delay:inst6|inst11'
Slack : 2.312
TNS   : 0.000

Type  : Fast 1200mV 0C Model Removal 'parsed_clock:inst5|delay:inst6|inst9'
Slack : 2.388
TNS   : 0.000

Type  : Fast 1200mV 0C Model Removal 'parsed_clock:inst5|delay:inst6|inst8'
Slack : 2.399
TNS   : 0.000

Type  : Fast 1200mV 0C Model Minimum Pulse Width 'switch0'
Slack : -3.000
TNS   : -35.790

Type  : Fast 1200mV 0C Model Minimum Pulse Width 'clock_50Mhz'
Slack : -3.000
TNS   : -26.595

Type  : Fast 1200mV 0C Model Minimum Pulse Width 'parsed_clock:inst5|delay:inst6|inst12'
Slack : -1.000
TNS   : -31.000

Type  : Fast 1200mV 0C Model Minimum Pulse Width 'parsed_clock:inst5|delay:inst6|inst3'
Slack : -1.000
TNS   : -31.000

Type  : Fast 1200mV 0C Model Minimum Pulse Width 'parsed_clock:inst5|delay:inst6|inst7'
Slack : -1.000
TNS   : -31.000

Type  : Fast 1200mV 0C Model Minimum Pulse Width 'nes_decoder:wow|prev_input[0]'
Slack : -1.000
TNS   : -1.000

Type  : Fast 1200mV 0C Model Minimum Pulse Width 'parsed_clock:inst5|delay:inst6|inst10'
Slack : -1.000
TNS   : -1.000

Type  : Fast 1200mV 0C Model Minimum Pulse Width 'parsed_clock:inst5|delay:inst6|inst11'
Slack : -1.000
TNS   : -1.000

Type  : Fast 1200mV 0C Model Minimum Pulse Width 'parsed_clock:inst5|delay:inst6|inst5'
Slack : -1.000
TNS   : -1.000

Type  : Fast 1200mV 0C Model Minimum Pulse Width 'parsed_clock:inst5|delay:inst6|inst6'
Slack : -1.000
TNS   : -1.000

Type  : Fast 1200mV 0C Model Minimum Pulse Width 'parsed_clock:inst5|delay:inst6|inst8'
Slack : -1.000
TNS   : -1.000

Type  : Fast 1200mV 0C Model Minimum Pulse Width 'parsed_clock:inst5|delay:inst6|inst9'
Slack : -1.000
TNS   : -1.000

------------------------------------------------------------
